// Jest Snapshot v1, https://goo.gl/fbAQLP

exports[`renders login 1`] = `undefined`;
