// Jest Snapshot v1, https://goo.gl/fbAQLP

exports[`renders expandable post 1`] = `undefined`;
