// Jest Snapshot v1, https://goo.gl/fbAQLP

exports[`renders edit profile header correctly 1`] = `undefined`;
