// Jest Snapshot v1, https://goo.gl/fbAQLP

exports[`renders VisitProfile page 1`] = `undefined`;
