// Jest Snapshot v1, https://goo.gl/fbAQLP

exports[`renders EditProfile page 1`] = `undefined`;
