// Jest Snapshot v1, https://goo.gl/fbAQLP

exports[`renders signup page 1`] = `undefined`;
