// Jest Snapshot v1, https://goo.gl/fbAQLP

exports[`renders nav bar 1`] = `undefined`;
