// Jest Snapshot v1, https://goo.gl/fbAQLP

exports[`renders postedbylabel 1`] = `undefined`;
